---
source: ballista/scheduler/src/state/execution_stage.rs
expression: output
---
=========ResolvedStage[stage_id=1.0, partitions=1]=========
┌───────────────────────────┐
│       ProjectionExec      │
│    --------------------   │
│           id: id          │
│         name: name        │
└─────────────┬─────────────┘
┌─────────────┴─────────────┐
│          SortExec         │
│    --------------------   │
│          id@0 ASC         │
└─────────────┬─────────────┘
┌─────────────┴─────────────┐
│    CoalesceBatchesExec    │
│    --------------------   │
│     target_batch_size:    │
│            8192           │
└─────────────┬─────────────┘
┌─────────────┴─────────────┐
│         FilterExec        │
│    --------------------   │
│      predicate: true      │
└─────────────┬─────────────┘
┌─────────────┴─────────────┐
│     PlaceholderRowExec    │
└───────────────────────────┘
