---
source: ballista/scheduler/src/state/execution_stage.rs
expression: output
---
=========ResolvedStage[stage_id=1.0, partitions=1]=========
ProjectionExec: expr=[id@0 as id, name@1 as name]
  SortExec: expr=[id@0 ASC], preserve_partitioning=[false]
    CoalesceBatchesExec: target_batch_size=8192
      FilterExec: true
        PlaceholderRowExec
